Archive member included to satisfy reference by file (symbol)

d:/files/program files/microchip/xc8/v2.31/avr/bin/../lib/gcc/avr/5.4.0/avr5/memx-const\libgcc.a(_exit.o)
                              D:/FILES/Program Files (x86)/Atmel/Studio/7.0/Packs/atmel/ATmega_DFP/1.6.364/xc8/avr/lib/avr5/memx-const/crtatmega328p.o (exit)
d:/files/program files/microchip/xc8/v2.31/avr/bin/../lib/gcc/avr/5.4.0/avr5/memx-const\libgcc.a(_copy_data.o)
                              main.o (__do_copy_data)
d:/files/program files/microchip/xc8/v2.31/avr/bin/../lib/gcc/avr/5.4.0/avr5/memx-const\libgcc.a(_movmemx.o)
                              main.o (__movmemx_qi)

Allocating common symbols
Common symbol       size              file

buf                 0x2               main.o

Discarded input sections

 .data          0x0000000000000000        0x0 D:/FILES/Program Files (x86)/Atmel/Studio/7.0/Packs/atmel/ATmega_DFP/1.6.364/xc8/avr/lib/avr5/memx-const/crtatmega328p.o
 .bss           0x0000000000000000        0x0 D:/FILES/Program Files (x86)/Atmel/Studio/7.0/Packs/atmel/ATmega_DFP/1.6.364/xc8/avr/lib/avr5/memx-const/crtatmega328p.o
 .text          0x0000000000000000        0x0 extanal_devices/lcd/lcd.o
 .data          0x0000000000000000        0x0 extanal_devices/lcd/lcd.o
 .bss           0x0000000000000000        0x0 extanal_devices/lcd/lcd.o
 .text          0x0000000000000000        0x0 firmware/ports/ports.o
 .data          0x0000000000000000        0x0 firmware/ports/ports.o
 .bss           0x0000000000000000        0x0 firmware/ports/ports.o
 .debug_line    0x0000000000000000        0x0 firmware/ports/ports.o
 .debug_str     0x0000000000000000        0x0 firmware/ports/ports.o
 .comment       0x0000000000000000       0x30 firmware/ports/ports.o
 .text          0x0000000000000000        0x0 firmware/spi/spi.o
 .data          0x0000000000000000        0x0 firmware/spi/spi.o
 .bss           0x0000000000000000        0x0 firmware/spi/spi.o
 .debug_line    0x0000000000000000        0x0 firmware/spi/spi.o
 .debug_str     0x0000000000000000        0x0 firmware/spi/spi.o
 .comment       0x0000000000000000       0x30 firmware/spi/spi.o
 .text          0x0000000000000000        0x0 main.o
 .data          0x0000000000000000        0x0 main.o
 .bss           0x0000000000000000        0x0 main.o
 .data.y        0x0000000000000000        0x2 main.o
 .data.x        0x0000000000000000        0x2 main.o
 COMMON         0x0000000000000000        0x2 main.o
 .text          0x0000000000000000        0x0 d:/files/program files/microchip/xc8/v2.31/avr/bin/../lib/gcc/avr/5.4.0/avr5/memx-const\libgcc.a(_exit.o)
 .data          0x0000000000000000        0x0 d:/files/program files/microchip/xc8/v2.31/avr/bin/../lib/gcc/avr/5.4.0/avr5/memx-const\libgcc.a(_exit.o)
 .bss           0x0000000000000000        0x0 d:/files/program files/microchip/xc8/v2.31/avr/bin/../lib/gcc/avr/5.4.0/avr5/memx-const\libgcc.a(_exit.o)
 .text.libgcc.mul
                0x0000000000000000        0x0 d:/files/program files/microchip/xc8/v2.31/avr/bin/../lib/gcc/avr/5.4.0/avr5/memx-const\libgcc.a(_exit.o)
 .text.libgcc.div
                0x0000000000000000        0x0 d:/files/program files/microchip/xc8/v2.31/avr/bin/../lib/gcc/avr/5.4.0/avr5/memx-const\libgcc.a(_exit.o)
 .text.libgcc   0x0000000000000000        0x0 d:/files/program files/microchip/xc8/v2.31/avr/bin/../lib/gcc/avr/5.4.0/avr5/memx-const\libgcc.a(_exit.o)
 .text.libgcc.prologue
                0x0000000000000000        0x0 d:/files/program files/microchip/xc8/v2.31/avr/bin/../lib/gcc/avr/5.4.0/avr5/memx-const\libgcc.a(_exit.o)
 .text.libgcc.builtins
                0x0000000000000000        0x0 d:/files/program files/microchip/xc8/v2.31/avr/bin/../lib/gcc/avr/5.4.0/avr5/memx-const\libgcc.a(_exit.o)
 .text.libgcc.fmul
                0x0000000000000000        0x0 d:/files/program files/microchip/xc8/v2.31/avr/bin/../lib/gcc/avr/5.4.0/avr5/memx-const\libgcc.a(_exit.o)
 .text.libgcc.fixed
                0x0000000000000000        0x0 d:/files/program files/microchip/xc8/v2.31/avr/bin/../lib/gcc/avr/5.4.0/avr5/memx-const\libgcc.a(_exit.o)
 .text          0x0000000000000000        0x0 d:/files/program files/microchip/xc8/v2.31/avr/bin/../lib/gcc/avr/5.4.0/avr5/memx-const\libgcc.a(_copy_data.o)
 .data          0x0000000000000000        0x0 d:/files/program files/microchip/xc8/v2.31/avr/bin/../lib/gcc/avr/5.4.0/avr5/memx-const\libgcc.a(_copy_data.o)
 .bss           0x0000000000000000        0x0 d:/files/program files/microchip/xc8/v2.31/avr/bin/../lib/gcc/avr/5.4.0/avr5/memx-const\libgcc.a(_copy_data.o)
 .text.libgcc.mul
                0x0000000000000000        0x0 d:/files/program files/microchip/xc8/v2.31/avr/bin/../lib/gcc/avr/5.4.0/avr5/memx-const\libgcc.a(_copy_data.o)
 .text.libgcc.div
                0x0000000000000000        0x0 d:/files/program files/microchip/xc8/v2.31/avr/bin/../lib/gcc/avr/5.4.0/avr5/memx-const\libgcc.a(_copy_data.o)
 .text.libgcc   0x0000000000000000        0x0 d:/files/program files/microchip/xc8/v2.31/avr/bin/../lib/gcc/avr/5.4.0/avr5/memx-const\libgcc.a(_copy_data.o)
 .text.libgcc.prologue
                0x0000000000000000        0x0 d:/files/program files/microchip/xc8/v2.31/avr/bin/../lib/gcc/avr/5.4.0/avr5/memx-const\libgcc.a(_copy_data.o)
 .text.libgcc.builtins
                0x0000000000000000        0x0 d:/files/program files/microchip/xc8/v2.31/avr/bin/../lib/gcc/avr/5.4.0/avr5/memx-const\libgcc.a(_copy_data.o)
 .text.libgcc.fmul
                0x0000000000000000        0x0 d:/files/program files/microchip/xc8/v2.31/avr/bin/../lib/gcc/avr/5.4.0/avr5/memx-const\libgcc.a(_copy_data.o)
 .text.libgcc.fixed
                0x0000000000000000        0x0 d:/files/program files/microchip/xc8/v2.31/avr/bin/../lib/gcc/avr/5.4.0/avr5/memx-const\libgcc.a(_copy_data.o)
 .text          0x0000000000000000        0x0 d:/files/program files/microchip/xc8/v2.31/avr/bin/../lib/gcc/avr/5.4.0/avr5/memx-const\libgcc.a(_movmemx.o)
 .data          0x0000000000000000        0x0 d:/files/program files/microchip/xc8/v2.31/avr/bin/../lib/gcc/avr/5.4.0/avr5/memx-const\libgcc.a(_movmemx.o)
 .bss           0x0000000000000000        0x0 d:/files/program files/microchip/xc8/v2.31/avr/bin/../lib/gcc/avr/5.4.0/avr5/memx-const\libgcc.a(_movmemx.o)
 .text.libgcc.mul
                0x0000000000000000        0x0 d:/files/program files/microchip/xc8/v2.31/avr/bin/../lib/gcc/avr/5.4.0/avr5/memx-const\libgcc.a(_movmemx.o)
 .text.libgcc.div
                0x0000000000000000        0x0 d:/files/program files/microchip/xc8/v2.31/avr/bin/../lib/gcc/avr/5.4.0/avr5/memx-const\libgcc.a(_movmemx.o)
 .text.libgcc.prologue
                0x0000000000000000        0x0 d:/files/program files/microchip/xc8/v2.31/avr/bin/../lib/gcc/avr/5.4.0/avr5/memx-const\libgcc.a(_movmemx.o)
 .text.libgcc.builtins
                0x0000000000000000        0x0 d:/files/program files/microchip/xc8/v2.31/avr/bin/../lib/gcc/avr/5.4.0/avr5/memx-const\libgcc.a(_movmemx.o)
 .text.libgcc.fmul
                0x0000000000000000        0x0 d:/files/program files/microchip/xc8/v2.31/avr/bin/../lib/gcc/avr/5.4.0/avr5/memx-const\libgcc.a(_movmemx.o)
 .text.libgcc.fixed
                0x0000000000000000        0x0 d:/files/program files/microchip/xc8/v2.31/avr/bin/../lib/gcc/avr/5.4.0/avr5/memx-const\libgcc.a(_movmemx.o)

Memory Configuration

Name             Origin             Length             Attributes
text             0x0000000000000000 0x0000000000008000 xr
data             0x0000000000800100 0x0000000000000800 rw !x
eeprom           0x0000000000810000 0x0000000000000400 rw !x
fuse             0x0000000000820000 0x0000000000000003 rw !x
lock             0x0000000000830000 0x0000000000000400 rw !x
signature        0x0000000000840000 0x0000000000000400 rw !x
user_signatures  0x0000000000850000 0x0000000000000400 rw !x
*default*        0x0000000000000000 0xffffffffffffffff

Linker script and memory map

Address of section .data set to 0x800100
LOAD D:/FILES/Program Files (x86)/Atmel/Studio/7.0/Packs/atmel/ATmega_DFP/1.6.364/xc8/avr/lib/avr5/memx-const/crtatmega328p.o
LOAD extanal_devices/lcd/lcd.o
LOAD firmware/ports/ports.o
LOAD firmware/spi/spi.o
LOAD main.o
START GROUP
LOAD d:/files/program files/microchip/xc8/v2.31/avr/bin/../lib/gcc/avr/5.4.0/../../../../avr/lib/avr5/memx-const\libm.a
END GROUP
START GROUP
LOAD d:/files/program files/microchip/xc8/v2.31/avr/bin/../lib/gcc/avr/5.4.0/avr5/memx-const\libgcc.a
LOAD d:/files/program files/microchip/xc8/v2.31/avr/bin/../lib/gcc/avr/5.4.0/../../../../avr/lib/avr5/memx-const\libm.a
LOAD d:/files/program files/microchip/xc8/v2.31/avr/bin/../lib/gcc/avr/5.4.0/../../../../avr/lib/avr5/memx-const\libc.a
LOAD D:/FILES/Program Files (x86)/Atmel/Studio/7.0/Packs/atmel/ATmega_DFP/1.6.364/xc8/avr/lib/avr5/memx-const\libatmega328p.a
END GROUP
                0x0000000000000000                __TEXT_REGION_ORIGIN__ = DEFINED (__TEXT_REGION_ORIGIN__)?__TEXT_REGION_ORIGIN__:0x0
                [0x0000000000800100]                __DATA_REGION_ORIGIN__ = DEFINED (__DATA_REGION_ORIGIN__)?__DATA_REGION_ORIGIN__:0x800060
                [0x0000000000008000]                __TEXT_REGION_LENGTH__ = DEFINED (__TEXT_REGION_LENGTH__)?__TEXT_REGION_LENGTH__:0x20000
                [0x0000000000000800]                __DATA_REGION_LENGTH__ = DEFINED (__DATA_REGION_LENGTH__)?__DATA_REGION_LENGTH__:0xffa0
                [0x0000000000000400]                __EEPROM_REGION_LENGTH__ = DEFINED (__EEPROM_REGION_LENGTH__)?__EEPROM_REGION_LENGTH__:0x10000
                [0x0000000000000003]                __FUSE_REGION_LENGTH__ = DEFINED (__FUSE_REGION_LENGTH__)?__FUSE_REGION_LENGTH__:0x400
                0x0000000000000400                __LOCK_REGION_LENGTH__ = DEFINED (__LOCK_REGION_LENGTH__)?__LOCK_REGION_LENGTH__:0x400
                0x0000000000000400                __SIGNATURE_REGION_LENGTH__ = DEFINED (__SIGNATURE_REGION_LENGTH__)?__SIGNATURE_REGION_LENGTH__:0x400
                0x0000000000000400                __USER_SIGNATURE_REGION_LENGTH__ = DEFINED (__USER_SIGNATURE_REGION_LENGTH__)?__USER_SIGNATURE_REGION_LENGTH__:0x400

.hash
 *(.hash)

.dynsym
 *(.dynsym)

.dynstr
 *(.dynstr)

.gnu.version
 *(.gnu.version)

.gnu.version_d
 *(.gnu.version_d)

.gnu.version_r
 *(.gnu.version_r)

.rel.init
 *(.rel.init)

.rela.init
 *(.rela.init)

.rel.text
 *(.rel.text)
 *(.rel.text.*)
 *(.rel.gnu.linkonce.t*)

.rela.text
 *(.rela.text)
 *(.rela.text.*)
 *(.rela.gnu.linkonce.t*)

.rel.fini
 *(.rel.fini)

.rela.fini
 *(.rela.fini)

.rel.rodata
 *(.rel.rodata)
 *(.rel.rodata.*)
 *(.rel.gnu.linkonce.r*)

.rela.rodata
 *(.rela.rodata)
 *(.rela.rodata.*)
 *(.rela.gnu.linkonce.r*)

.rel.data
 *(.rel.data)
 *(.rel.data.*)
 *(.rel.gnu.linkonce.d*)

.rela.data
 *(.rela.data)
 *(.rela.data.*)
 *(.rela.gnu.linkonce.d*)

.rel.ctors
 *(.rel.ctors)

.rela.ctors
 *(.rela.ctors)

.rel.dtors
 *(.rel.dtors)

.rela.dtors
 *(.rela.dtors)

.rel.got
 *(.rel.got)

.rela.got
 *(.rela.got)

.rel.bss
 *(.rel.bss)

.rela.bss
 *(.rela.bss)

.rel.plt
 *(.rel.plt)

.rela.plt
 *(.rela.plt)

.text           0x0000000000000000       0xbc
 *(.vectors)
 .vectors       0x0000000000000000       0x68 D:/FILES/Program Files (x86)/Atmel/Studio/7.0/Packs/atmel/ATmega_DFP/1.6.364/xc8/avr/lib/avr5/memx-const/crtatmega328p.o
                0x0000000000000000                __vector_default
                0x0000000000000000                __vectors
 *(.vectors)
 *(.progmem.gcc*)
 *(.dinit)
 .dinit         0x0000000000000068        0x0 data_init
                0x0000000000000068                . = ALIGN (0x2)
                0x0000000000000068                __trampolines_start = .
 *(.trampolines)
 .trampolines   0x0000000000000068        0x0 linker stubs
 *(.trampolines*)
                0x0000000000000068                __trampolines_end = .
 *libprintf_flt.a:*(.progmem.data)
 *libc.a:*(.progmem.data)
                0x0000000000000068                . = ALIGN (0x2)
 *(.jumptables)
 *(.jumptables*)
 *(.lowtext)
 *(.lowtext*)
                0x0000000000000068                __ctors_start = .
 *(.ctors)
                0x0000000000000068                __ctors_end = .
                0x0000000000000068                __dtors_start = .
 *(.dtors)
                0x0000000000000068                __dtors_end = .
 SORT(*)(.ctors)
 SORT(*)(.dtors)
 *(.init0)
 .init0         0x0000000000000068        0x0 D:/FILES/Program Files (x86)/Atmel/Studio/7.0/Packs/atmel/ATmega_DFP/1.6.364/xc8/avr/lib/avr5/memx-const/crtatmega328p.o
                0x0000000000000068                __init
 *(.init0)
 *(.init1)
 *(.init1)
 *(.init2)
 .init2         0x0000000000000068        0xc D:/FILES/Program Files (x86)/Atmel/Studio/7.0/Packs/atmel/ATmega_DFP/1.6.364/xc8/avr/lib/avr5/memx-const/crtatmega328p.o
 *(.init2)
 *(.init3)
 *(.init3)
 *(.init4)
 .init4         0x0000000000000074       0x3c d:/files/program files/microchip/xc8/v2.31/avr/bin/../lib/gcc/avr/5.4.0/avr5/memx-const\libgcc.a(_copy_data.o)
                0x0000000000000074                __do_copy_data
                0x00000000000000a2                __do_clear_bss
 *(.init4)
 *(.init5)
 *(.init5)
 *(.init6)
 *(.init6)
 *(.init7)
 *(.init7)
 *(.init8)
 *(.init8)
 *(.init9)
 .init9         0x00000000000000b0        0x8 D:/FILES/Program Files (x86)/Atmel/Studio/7.0/Packs/atmel/ATmega_DFP/1.6.364/xc8/avr/lib/avr5/memx-const/crtatmega328p.o
 *(.init9)
                0x00000000000000b8                . = ALIGN (0x2)
 *(.fini9)
 .fini9         0x00000000000000b8        0x0 d:/files/program files/microchip/xc8/v2.31/avr/bin/../lib/gcc/avr/5.4.0/avr5/memx-const\libgcc.a(_exit.o)
                0x00000000000000b8                _exit
                0x00000000000000b8                exit
 *(.fini9)
 *(.fini8)
 *(.fini8)
 *(.fini7)
 *(.fini7)
 *(.fini6)
 *(.fini6)
 *(.fini5)
 *(.fini5)
 *(.fini4)
 *(.fini4)
 *(.fini3)
 *(.fini3)
 *(.fini2)
 *(.fini2)
 *(.fini1)
 *(.fini1)
 *(.fini0)
 .fini0         0x00000000000000b8        0x4 d:/files/program files/microchip/xc8/v2.31/avr/bin/../lib/gcc/avr/5.4.0/avr5/memx-const\libgcc.a(_exit.o)
 *(.fini0)
                0x00000000000000bc                _etext = .

.data           0x0000000000800100        0x0 load address 0x00000000000000bc
                [!provide]                        PROVIDE (__data_start, .)
 *(.gnu.linkonce.d*)
 *(.gnu.linkonce.r*)
                0x0000000000800100                . = ALIGN (0x2)
                0x0000000000800100                _edata = .
                [!provide]                        PROVIDE (__data_end, .)

.bss            0x0000000000800100        0x0
                [!provide]                        PROVIDE (__bss_start, .)
 *(COMMON)
                [!provide]                        PROVIDE (__bss_end, .)
                0x00000000000000bc                __data_load_start = LOADADDR (.data)
                0x00000000000000bc                __data_load_end = (__data_load_start + SIZEOF (.data))

.noinit         0x0000000000800100        0x0
                [!provide]                        PROVIDE (__noinit_start, .)
 *(.noinit*)
                [!provide]                        PROVIDE (__noinit_end, .)
                0x0000000000800100                _end = .

.eeprom         0x0000000000810000        0x0
 *(.eeprom*)
                0x0000000000810000                __eeprom_end = .

.fuse
 *(.fuse)
 *(.lfuse)
 *(.hfuse)
 *(.efuse)

.lock
 *(.lock*)

.signature
 *(.signature*)

.user_signatures
 *(.user_signatures*)

.stab
 *(.stab)

.stabstr
 *(.stabstr)

.stab.excl
 *(.stab.excl)

.stab.exclstr
 *(.stab.exclstr)

.stab.index
 *(.stab.index)

.stab.indexstr
 *(.stab.indexstr)

.comment        0x0000000000000000       0x2f
 *(.comment)
 .comment       0x0000000000000000       0x2f extanal_devices/lcd/lcd.o
                                         0x30 (size before relaxing)
 .comment       0x000000000000002f       0x30 main.o

.note.gnu.build-id
 *(.note.gnu.build-id)

.debug
 *(.debug)

.line
 *(.line)

.debug_srcinfo
 *(.debug_srcinfo)

.debug_sfnames
 *(.debug_sfnames)

.debug_aranges  0x0000000000000000       0x60
 *(.debug_aranges)
 .debug_aranges
                0x0000000000000000       0x40 extanal_devices/lcd/lcd.o
 .debug_aranges
                0x0000000000000040       0x20 main.o

.debug_pubnames
 *(.debug_pubnames)

.debug_info     0x0000000000000000      0xedb
 *(.debug_info .gnu.linkonce.wi.*)
 .debug_info    0x0000000000000000      0x5f4 D:/FILES/Program Files (x86)/Atmel/Studio/7.0/Packs/atmel/ATmega_DFP/1.6.364/xc8/avr/lib/avr5/memx-const/crtatmega328p.o
 .debug_info    0x00000000000005f4      0x4f4 extanal_devices/lcd/lcd.o
 .debug_info    0x0000000000000ae8      0x3f3 main.o

.debug_abbrev   0x0000000000000000      0x7a8
 *(.debug_abbrev)
 .debug_abbrev  0x0000000000000000      0x5a2 D:/FILES/Program Files (x86)/Atmel/Studio/7.0/Packs/atmel/ATmega_DFP/1.6.364/xc8/avr/lib/avr5/memx-const/crtatmega328p.o
 .debug_abbrev  0x00000000000005a2      0x138 extanal_devices/lcd/lcd.o
 .debug_abbrev  0x00000000000006da       0xce main.o

.debug_line     0x0000000000000000      0x3e5
 *(.debug_line .debug_line.* .debug_line_end)
 .debug_line    0x0000000000000000      0x137 D:/FILES/Program Files (x86)/Atmel/Studio/7.0/Packs/atmel/ATmega_DFP/1.6.364/xc8/avr/lib/avr5/memx-const/crtatmega328p.o
 .debug_line    0x0000000000000137      0x20b extanal_devices/lcd/lcd.o
 .debug_line    0x0000000000000342       0xa3 main.o

.debug_frame    0x0000000000000000       0xa4
 *(.debug_frame)
 .debug_frame   0x0000000000000000       0x70 extanal_devices/lcd/lcd.o
 .debug_frame   0x0000000000000070       0x34 main.o

.debug_str      0x0000000000000000      0x22d
 *(.debug_str)
 .debug_str     0x0000000000000000      0x208 D:/FILES/Program Files (x86)/Atmel/Studio/7.0/Packs/atmel/ATmega_DFP/1.6.364/xc8/avr/lib/avr5/memx-const/crtatmega328p.o
 .debug_str     0x0000000000000208        0x0 extanal_devices/lcd/lcd.o
 .debug_str     0x0000000000000208       0x25 main.o

.debug_loc      0x0000000000000000      0x25c
 *(.debug_loc)
 .debug_loc     0x0000000000000000      0x215 extanal_devices/lcd/lcd.o
 .debug_loc     0x0000000000000215       0x47 main.o

.debug_macinfo
 *(.debug_macinfo)

.debug_weaknames
 *(.debug_weaknames)

.debug_funcnames
 *(.debug_funcnames)

.debug_typenames
 *(.debug_typenames)

.debug_varnames
 *(.debug_varnames)

.debug_pubtypes
 *(.debug_pubtypes)

.debug_ranges   0x0000000000000000       0x40
 *(.debug_ranges)
 .debug_ranges  0x0000000000000000       0x30 extanal_devices/lcd/lcd.o
 .debug_ranges  0x0000000000000030       0x10 main.o

.debug_macro
 *(.debug_macro)
OUTPUT(primer_modulo.elf elf32-avr)
LOAD linker stubs
LOAD data_init

.note.gnu.avr.deviceinfo
                0x0000000000000000       0x40
 .note.gnu.avr.deviceinfo
                0x0000000000000000       0x40 D:/FILES/Program Files (x86)/Atmel/Studio/7.0/Packs/atmel/ATmega_DFP/1.6.364/xc8/avr/lib/avr5/memx-const/crtatmega328p.o

.progmemx.data  0x00000000000000bc        0xa
 .progmemx.data
                0x00000000000000bc        0xa main.o

.text.main      0x00000000000000c6       0x88
 .text.main     0x00000000000000c6       0x88 main.o
                0x00000000000000c6                main

.text.init_lcd  0x000000000000014e       0x64
 .text.init_lcd
                0x000000000000014e       0x64 extanal_devices/lcd/lcd.o
                0x000000000000014e                init_lcd

.text.send_char
                0x00000000000001b2       0x34
 .text.send_char
                0x00000000000001b2       0x34 extanal_devices/lcd/lcd.o
                0x00000000000001b2                send_char

.text.set_action_lcd
                0x00000000000001e6       0x28
 .text.set_action_lcd
                0x00000000000001e6       0x28 extanal_devices/lcd/lcd.o
                0x00000000000001e6                set_action_lcd

.text.write_string
                0x000000000000020e       0x1a
 .text.write_string
                0x000000000000020e       0x1a extanal_devices/lcd/lcd.o
                0x000000000000020e                write_string

.text.libgcc    0x0000000000000228       0x1a
 .text.libgcc   0x0000000000000228       0x1a d:/files/program files/microchip/xc8/v2.31/avr/bin/../lib/gcc/avr/5.4.0/avr5/memx-const\libgcc.a(_movmemx.o)
                0x0000000000000228                __movmemx_qi
                0x000000000000022a                __movmemx_hi

.text.goToXY    0x0000000000000242       0x14
 .text.goToXY   0x0000000000000242       0x14 extanal_devices/lcd/lcd.o
                0x0000000000000242                goToXY

.text           0x0000000000000256        0x4
 .text          0x0000000000000256        0x4 D:/FILES/Program Files (x86)/Atmel/Studio/7.0/Packs/atmel/ATmega_DFP/1.6.364/xc8/avr/lib/avr5/memx-const/crtatmega328p.o
                0x0000000000000256                __vector_22
                0x0000000000000256                __vector_1
                0x0000000000000256                __vector_24
                0x0000000000000256                __vector_12
                0x0000000000000256                __bad_interrupt
                0x0000000000000256                __vector_6
                0x0000000000000256                __vector_3
                0x0000000000000256                __vector_23
                0x0000000000000256                __vector_25
                0x0000000000000256                __vector_11
                0x0000000000000256                __vector_13
                0x0000000000000256                __vector_17
                0x0000000000000256                __vector_19
                0x0000000000000256                __vector_7
                0x0000000000000256                __vector_5
                0x0000000000000256                __vector_4
                0x0000000000000256                __vector_9
                0x0000000000000256                __vector_2
                0x0000000000000256                __vector_21
                0x0000000000000256                __vector_15
                0x0000000000000256                __vector_8
                0x0000000000000256                __vector_14
                0x0000000000000256                __vector_10
                0x0000000000000256                __vector_16
                0x0000000000000256                __vector_18
                0x0000000000000256                __vector_20
